// Jest Snapshot v1, https://goo.gl/fbAQLP

exports[`AngleRecommandation Tests should match the snapshot when the recommendation is active 1`] = `
<div
  className="pt-2 pl-3 mt-1"
>
  <Checkbox
    checked={true}
    className={null}
    disabled={false}
    id={null}
    inputId="activeRecCheck"
    label="Test"
    name={null}
    onChange={[Function]}
    onContextMenu={null}
    onMouseDown={null}
    readOnly={false}
    style={null}
    value={null}
  />
  <label
    htmlFor="activeRecCheck"
  >
    Test
  </label>
  <div
    className="col-12 col-md-10 mb-2 ml-3"
  >
    <SliderValue
      max={45}
      min={0}
      onChange={[Function]}
      title="recommendations.angle.en"
      unit="Â°"
      value={0}
    />
  </div>
  <Tooltip
    appendTo="body"
    escape={true}
    for="#angleRecInfoundefined"
    hideDelay={null}
    onBeforeShow={null}
    positionStyle={null}
    showDelay={null}
    title={null}
    tooltipDisabled={false}
    tooltipEvent="hover"
    tooltipPosition="right"
    tooltipStyleClass={null}
  />
</div>
`;

exports[`AngleRecommandation Tests should match the snapshot when the recommendation is inactive 1`] = `
<div
  className="pt-2 pl-3 mt-1"
>
  <Checkbox
    checked={false}
    className={null}
    disabled={false}
    id={null}
    inputId="activeRecCheck"
    label="Test"
    name={null}
    onChange={[Function]}
    onContextMenu={null}
    onMouseDown={null}
    readOnly={false}
    style={null}
    value={null}
  />
  <label
    htmlFor="activeRecCheck"
  >
    Test
  </label>
  <Tooltip
    appendTo="body"
    escape={true}
    for="#angleRecInfoundefined"
    hideDelay={null}
    onBeforeShow={null}
    positionStyle={null}
    showDelay={null}
    title={null}
    tooltipDisabled={false}
    tooltipEvent="hover"
    tooltipPosition="right"
    tooltipStyleClass={null}
  />
</div>
`;
