// Jest Snapshot v1, https://goo.gl/fbAQLP

exports[`GoalProgress Tests should match the snapshot 1`] = `
<div>
  <div>
    <hr />
    <h2
      style={
        Object {
          "textAlign": "center",
        }
      }
    >
      This is a test
    </h2>
    <h4>
      dailyResults.recommended.en
    </h4>
    <ProgressBar
      className={null}
      id={null}
      mode="determinate"
      showValue={true}
      style={null}
      unit="%"
      value={10}
    />
    <p
      style={
        Object {
          "textAlign": "center",
        }
      }
    >
      dailyResults.recommended.description.en
    </p>
  </div>
</div>
`;
