// Jest Snapshot v1, https://goo.gl/fbAQLP

exports[`PressureCenter Tests should match the snapshot 1`] = `
<div
  className="container"
  id="dailyPressureCenter"
  style={
    Object {
      "center": Object {
        "textAlign": "center",
      },
      "height": "60%",
      "marginBottom": "10%",
      "width": "100%",
    }
  }
>
  <CustomCard
    element={<Loading />}
    header={<h4 />}
  />
</div>
`;
