// Jest Snapshot v1, https://goo.gl/fbAQLP

exports[`MonthlyAngleDistribution Tests should match the snapshot 1`] = `
<div
  className="container graphic"
  id="monthlyAngle"
/>
`;
