// Jest Snapshot v1, https://goo.gl/fbAQLP

exports[`MonthlyAngleResults Tests should match the snapshot 1`] = `
<div>
  <div
    className="col-lg-2 leftMenu"
  >
    <ul
      className="graphlist"
    >
      <li
        className="graphLink"
      >
        <a
          href="results/angle#monthlyAngle"
        >
          results.graphicsLink.angle.en
        </a>
      </li>
      <li
        className="graphLink"
      >
        <a
          href="results/angle#monthlyTilt"
        >
          SuccessfulTilt.tiltMade.en
        </a>
      </li>
    </ul>
  </div>
  <div
    className=" col-lg-10 offset-lg-2 results resultsContainer"
  >
    <div
      className="col-lg-8 offset-lg-1"
    >
      <div>
        <div>
          <Connect(MonthlyAngleDistribution)
            month="2"
          />
          <Connect(MonthlySuccessTilt)
            month="2"
          />
        </div>
      </div>
    </div>
  </div>
</div>
`;
