// Jest Snapshot v1, https://goo.gl/fbAQLP

exports[`Debug Tests should match the snapshot 1`] = `
<div
  className="container"
>
  <div
    className="row mt-4"
  >
    <div
      className="col-12"
    >
      <h2
        className="header text-center"
      >
        debug.state.en
      </h2>
      <Connect(Notification) />
      <Connect(NotificationSettings) />
      <Connect(UpdatesManager) />
    </div>
  </div>
</div>
`;
