// Jest Snapshot v1, https://goo.gl/fbAQLP

exports[`Settings Tests should match the snapshot 1`] = `
<div
  className="container"
>
  <div
    className="row mt-4"
  >
    <div
      className="col-12"
    >
      <h2
        className="header text-center"
      >
        settings.en
      </h2>
      <Connect(Notification) />
      <CustomCard
        element={<Connect(ModuleStatus) />}
        title="settings.modules.en"
      />
      <CustomCard
        element={<Connect(NotificationSettings) />}
        title="settings.notification.en"
      />
      <CustomCard
        element={<Connect(Permissions) />}
        title="settings.permissions.en"
      />
      <CustomCard
        element={
          <div>
            <h6>
              settings.system.memory.en
            </h6>
            <Connect(MemoryUsage) />
            <br />
            <h6>
              settings.system.update.en
            </h6>
            <Connect(UpdatesManager) />
          </div>
        }
        title="settings.system.en"
      />
    </div>
  </div>
</div>
`;
