// Jest Snapshot v1, https://goo.gl/fbAQLP

exports[`Notification Tests should match the snapshot 1`] = `
<div
  className="row ml-2 mt-5"
>
  <div
    className="mb-2 mr-3"
  >
    <button
      className="btn btn-lg"
      id="calibrate-button"
      onClick={[Function]}
    >
      calibrate.en
    </button>
  </div>
  <div
    className="mr-3 mb-2"
  >
    <button
      className="btn btn-lg"
      id="turn-on-button"
      onClick={[Function]}
    >
      alert.on.en
    </button>
  </div>
  <div
    className="mr-3 mb-2"
  >
    <button
      className="btn btn-lg"
      id="turn-off-button"
      onClick={[Function]}
    >
      alert.off.en
    </button>
  </div>
  <Connect(Countdown)
    onComplete={[Function]}
    time={10}
    title="calibrating.en"
  />
</div>
`;
