// Jest Snapshot v1, https://goo.gl/fbAQLP

exports['TiltSliders Tests should match the snapshot 1'] = `
<TiltSliders
  dispatch={[Function]}
  language="en"
  maxAngle={45}
  onAngleChange={[Function]}
  onFrequencyChange={[Function]}
  onLengthChange={[Function]}
  store={
    Object {
      "clearActions": [Function],
      "dispatch": [Function],
      "getActions": [Function],
      "getState": [Function],
      "replaceReducer": [Function],
      "subscribe": [Function],
    }
  }
  storeSubscription={
    Subscription {
      "listeners": Object {
        "clear": [Function],
        "get": [Function],
        "notify": [Function],
        "subscribe": [Function],
      },
      "onStateChange": [Function],
      "parentSub": undefined,
      "store": Object {
        "clearActions": [Function],
        "dispatch": [Function],
        "getActions": [Function],
        "getState": [Function],
        "replaceReducer": [Function],
        "subscribe": [Function],
      },
      "unsubscribe": [Function],
    }
  }
  tiltAngle={15}
  tiltFrequecy={60}
  tiltLength={30}
/>
`;
