// Jest Snapshot v1, https://goo.gl/fbAQLP

exports[`TiltSlidersCard Tests should match the snapshot 1`] = `
<Card
  class="col-md-6"
  className={null}
  footer={null}
  header={
    <div
      className="ui-card-title"
      style={
        Object {
          "marginLeft": "14px",
          "marginTop": "14px",
        }
      }
    >
      This is a title
       Â 
      <i
        className="fa fa-check"
        onClick={[Function]}
        style={
          Object {
            "cursor": "pointer",
          }
        }
      />
    </div>
  }
  id={null}
  style={
    Object {
      "backgroundColor": "white",
      "boxShadow": "5px 5px 5px gainsboro",
      "padding": "5px",
    }
  }
  subtitle={null}
  title={null}
>
  <div
    className="row"
  >
    <div
      className="col-9"
    >
      <Connect(TiltSliders)
        maxAngle={45}
        tiltAngle={20}
        tiltFrequecy={40}
        tiltLength={30}
      />
    </div>
    <div
      className="col-3 justify-content-center align-self-center"
    >
      <img
        alt="chair"
        height="50"
        src={
          Object {
            "default": "",
          }
        }
        style={
          Object {
            "transform": "rotate(-20deg)",
          }
        }
        width="50"
      />
    </div>
  </div>
</Card>
`;
