// Jest Snapshot v1, https://goo.gl/fbAQLP

exports[`Module Status Tests should match the snapshot 1`] = `
<div
  className="row"
>
  <div
    className="col-6"
  >
    <ul
      className="list-unstyled smallWidth"
    />
  </div>
</div>
`;
