// Jest Snapshot v1, https://goo.gl/fbAQLP

exports[`UpdatesManager Tests should match the snapshot 1`] = `
<div>
  <Button
    className="p-button-secondary"
    cornerStyleClass="ui-corner-all"
    disabled={true}
    icon="fa fa-2x fa-refresh"
    iconPos="left"
    id="updateButton"
    label={null}
    onClick={[Function]}
  />
  <div>
    settings.system.update.last.en
    : Â 
  </div>
  <Connect(ConfirmationPopup)
    body="settings.system.update.confirmation.en"
    onClose={[Function]}
    onConfirm={[Function]}
    show={true}
    title="settings.system.update.en"
  />
</div>
`;
