// Jest Snapshot v1, https://goo.gl/fbAQLP

exports[`DailyAngleDistribution Tests should match the snapshot 1`] = `
<div
  className="container graphic"
  id="dailyAngle"
>
  <CustomCard
    element={
      <Chart
        className={null}
        data={
          Object {
            "datasets": Array [
              Object {
                "backgroundColor": Array [
                  "red",
                  "green",
                  "blue",
                  "orange",
                  "purple",
                ],
                "data": Array [],
                "hoverBackgroundColor": Array [
                  "red",
                  "green",
                  "blue",
                  "orange",
                  "purple",
                ],
              },
            ],
            "labels": Array [
              "dailyResults.angleDistribution.zero.undefined",
              "dailyResults.angleDistribution.fifteen.undefined",
              "dailyResults.angleDistribution.thirty.undefined",
              "dailyResults.angleDistribution.fortyfive.undefined",
              "dailyResults.angleDistribution.more.undefined",
            ],
          }
        }
        height={null}
        id={null}
        options={
          Object {
            "tooltips": Object {
              "callbacks": Object {
                "label": [Function],
              },
            },
          }
        }
        style={null}
        type="pie"
        width={null}
      />
    }
    header={
      <h4>
        dailyResults.angleDistribution.undefined
      </h4>
    }
  />
</div>
`;
